⚠️ [คำเตือน] ไม่พบไลบรารี MetaTrader5 — ใช้โหมดจำลอง (Mock Mode)
   Backup: ppo_signal_filter_p1.zip -> ppo_signal_filter_p1.zip.bak_1776484104
   Backup: ppo_signal_filter.zip -> ppo_signal_filter.zip.bak_1776484104
   Backup: vec_normalize_sf_p1.pkl -> vec_normalize_sf_p1.pkl.bak_1776484104
   Backup: vec_normalize_sf.pkl -> vec_normalize_sf.pkl.bak_1776484104
   Symbols available: 9

=================================================================
 PHASE 1: Alpha Training (300,000 steps)
   enable_risk_penalty = False
   LR=3e-4, ent=0.05->0.005, gamma=0.99, clip_reward=20
=================================================================

Using cpu device
Logging to /Users/kittipong.n/Desktop/BOT/BOT-FTMO/ftmo_trading_bot/logs/tb_signal_filter/phase1_alpha_4

=================================================================
 Episode 20 | Step 2,876
=================================================================
   Balance   : $ 95,494.22  (min $ 88,455.83 / max $101,628.23)
   Profit    : $ -4,505.78  (min $-11,544.17 / max $ +1,628.23)
   DD        :    4.60%    (max   11.54%)
   Take Rate :    47.9%    Win Rate :    27.1%
   Pass: 0  Breach: 1  Survive: 19  (total 20 eps)
   Pass Rate : 0.0%  |  Breach Rate : 5.0%
=================================================================

=================================================================
 Episode 40 | Step 5,804
=================================================================
   Balance   : $ 96,625.55  (min $ 92,220.08 / max $101,459.51)
   Profit    : $ -3,374.45  (min $ -7,779.92 / max $ +1,459.51)
   DD        :    3.45%    (max    7.78%)
   Take Rate :    50.4%    Win Rate :    29.8%
   Pass: 0  Breach: 1  Survive: 39  (total 40 eps)
   Pass Rate : 0.0%  |  Breach Rate : 2.5%
=================================================================

=================================================================
 Episode 60 | Step 8,848
=================================================================
   Balance   : $ 96,703.13  (min $ 90,534.08 / max $105,289.13)
   Profit    : $ -3,296.87  (min $ -9,465.92 / max $ +5,289.13)
   DD        :    3.75%    (max    9.47%)
   Take Rate :    48.7%    Win Rate :    30.0%
   Pass: 0  Breach: 1  Survive: 59  (total 60 eps)
   Pass Rate : 0.0%  |  Breach Rate : 1.7%
=================================================================

=================================================================
 Episode 80 | Step 11,644
=================================================================
   Balance   : $ 96,504.37  (min $ 89,539.41 / max $104,012.71)
   Profit    : $ -3,495.63  (min $-10,460.59 / max $ +4,012.71)
   DD        :    3.73%    (max   10.46%)
   Take Rate :    50.0%    Win Rate :    29.6%
   Pass: 0  Breach: 3  Survive: 77  (total 80 eps)
   Pass Rate : 0.0%  |  Breach Rate : 3.8%
=================================================================

=================================================================
 Episode 100 | Step 14,456
=================================================================
   Balance   : $ 97,286.59  (min $ 93,274.09 / max $102,292.89)
   Profit    : $ -2,713.41  (min $ -6,725.91 / max $ +2,292.89)
   DD        :    2.93%    (max    6.73%)
   Take Rate :    48.3%    Win Rate :    30.9%
   Pass: 0  Breach: 3  Survive: 97  (total 100 eps)
   Pass Rate : 0.0%  |  Breach Rate : 3.0%
=================================================================
----------------------------------
| 1_Balance/         |           |
|    Current         | 9.42e+04  |
|    Max             | 1e+05     |
|    Min             | 9.42e+04  |
| 2_Profit/          |           |
|    Current         | -5.83e+03 |
|    Max             | 128       |
|    Min             | -5.83e+03 |
| 3_Drawdown/        |           |
|    Daily_Current   | 0.00302   |
|    Daily_Max       | 0.00909   |
|    Total           | 0.0583    |
| 4_Performance/     |           |
|    Take_Rate       | 0.539     |
|    Win_Rate        | 0.261     |
| 5_Stats/           |           |
|    Breach_Count    | 3         |
|    Breach_Rate     | 0.0263    |
|    Pass_Count      | 0         |
|    Pass_Rate       | 0         |
| ftmo/              |           |
|    breach_rate     | 0.0263    |
|    breaches        | 3         |
|    pass_rate       | 0         |
|    passes          | 0         |
|    survives        | 111       |
|    total_episodes  | 114       |
| time/              |           |
|    fps             | 214       |
|    iterations      | 1         |
|    time_elapsed    | 76        |
|    total_timesteps | 16384     |
----------------------------------
/Library/Frameworks/Python.framework/Versions/3.14/lib/python3.14/multiprocessing/resource_tracker.py:396: UserWarning: resource_tracker: There appear to be 1 leaked semaphore objects to clean up at shutdown: {'/mp-ldegtmq0'}
  warnings.warn(
